// Jest Snapshot v1, https://goo.gl/fbAQLP

exports[`Tests in CounterApp should do a match with the snapshot 1`] = `
<div>
  <h1>
    CounterApp
  </h1>
  <h2
    data-testid="test-counter"
  >
    100
  </h2>
  <button
    aria-label="increase-btn"
  >
    +1
  </button>
  <button
    aria-label="decrease-btn"
  >
    -1
  </button>
  <button
    aria-label="reset-btn"
  >
    Reset
  </button>
</div>
`;
